[playthedarkness.blogspot.com/2024/05/play.html]
[backblue.gif]
[fade.gif]
[index.html]
[playthedarkness.blogspot.com/2024/05/https.1.delayed]
[www.gstatic.com/external_hosted/clipboardjs/clipboard.min.js]
[images-ext-1.discordapp.net/external/tm2NjaKblvgyKAVzPLEEYEv6ctXZgQ3pMJK8MNow7-A/https/media.indiedb.com/images/members/5/4709/4708199/profile/2023-05-21_20-52-33307e.jpg]
[images-ext-1.discordapp.net/external/fDG6-pZE6zy__CUQcRU-tMdTxBZHbQRKpGXZbhwQEl4/https/media.indiedb.com/images/members/5/4709/4708199/profile/2023-05-21_20-41-17307e.jpg]
[www.google-analytics.com/plugins/ua/ecommerce.js]
[www.google-analytics.com/analytics.js]
[static.itch.io/theme_editor9181.css]
[static.itch.io/game9181.css]
[static.itch.io/lib.a9181.delayed]
[static.itch.io/bundle.min9181.js]
[static.itch.io/lib/jquery.maskMoney.js]
[static.itch.io/react.min9181.js]
[static.itch.io/theme_editor.min9181.js]
[static.itch.io/game.min9181.js]
[www.blogger.com/static/v1/jsbin/4269703388-comment_from_post_iframe.js]
[blogger.googleusercontent.com/img/b/R29vZ2xl/AVvXsEhuvRN_R1a1qbBdG8US9ApCidteWIp0ndU4OkkFQYY/s220/image.png]
[resources.blogblog.com/blogblog/data/res/2809677405-indie_compiled.js]
[playthedarkness.blogspot.com/2024/05/index.html]
[www.blogger.com/static/v1/widgets/477621047-widgets.js]
[playthedarkness.blogspot.com/2024/05/play.html]
[playthedarkness.blogspot.com/2024/05/https.html]
[www.blogger.com/dyn-css/authorization1450.css]
[static.itch.io/fonts/lato-v14-latin-regular.woff2]
[static.itch.io/fonts/lato-v14-latin-regular.woff]
[static.itch.io/fonts/lato-v14-latin-italic.woff2]
[static.itch.io/fonts/lato-v14-latin-italic.woff]
[static.itch.io/fonts/lato-v14-latin-700.woff2]
[static.itch.io/fonts/lato-v14-latin-700.woff]
[static.itch.io/fonts/lato-v14-latin-900.woff2]
[static.itch.io/fonts/lato-v14-latin-900.woff]
[static.itch.io/fonts/Lato-Regular.woff2]
[static.itch.io/fonts/Lato-Regular.woff]
[static.itch.io/fonts/Lato-Italic.woff2]
[static.itch.io/fonts/Lato-Italic.woff]
[static.itch.io/fonts/Lato-Bold.woff2]
[static.itch.io/fonts/Lato-Black.woff2]
[static.itch.io/fonts/Lato-Bold.woff]
[static.itch.io/images/loader.gif]
[static.itch.io/images/loader-dark.gif]
[static.itch.io/fonts/Lato-Black.woff]
[static.itch.io/images/loader-huge.gif]
[static.itch.io/images/cc-loader.gif]
[static.itch.io/images/play_icon.svg]
[static.itch.io/images/youtube_icon.svg]
[static.itch.io/images/twitch_logo.svg]
[static.itch.io/images/loading.svg]
[static.itch.io/images/popup-tick-right.png]
[static.itch.io/images/popup-tick-left.png]
[static.itch.io/fonts/04b03.eot]
[static.itch.io/fonts/04b03d41d.eot]
[static.itch.io/fonts/04b03.woff2]
[static.itch.io/fonts/04b03.woff]
[static.itch.io/fonts/04b03.ttf]
[static.itch.io/lib/farbtastic/wheel.png]
[static.itch.io/lib/farbtastic/mask.png]
[static.itch.io/lib/farbtastic/marker.png]
[static.itch.io/images/snowrepeat.svg]
[static.itch.io/icons/fonts/icomoon053c.eot]
[static.itch.io/icons/fonts/icomoon053c.ttf]
[static.itch.io/icons/fonts/icomoon053c.woff]
[static.itch.io/game9181.css]
[static.itch.io/theme_editor9181.css]
[static.itch.io/lib9181.html]
[static.itch.io/icons/fonts/icomoon053c.svg]
[playthedarkness.blogspot.com/static/worker.min.3c.delayed]
[www.google.com/recaptcha/apie757.js]
[connect.facebook.net/en_GB/sdk.js]
[platform.twitter.com/widgets.js]
[playthedarkness.blogspot.com/2024/05/ca.41.delayed]
[playthedarkness.blogspot.com/2024/05/POST.42.delayed]
[static.itch.io/bundle.min9181.js]
[static.itch.io/lib/jquery.maskMoney.js]
[static.itch.io/react.min9181.js]
[static.itch.io/theme_editor.min9181.js]
[pagead2.googlesyndication.com/pagead/js/f.txt]
[static.itch.io/game.min9181.js]
[playthedarkness.blogspot.com/2024/05/index.html]
[static.itch.io/images/play_icon.svg]
[static.itch.io/images/youtube_icon.svg]
[static.itch.io/images/twitch_logo.svg]
[static.itch.io/images/loading.svg]
[static.itch.io/home/leafo/snowrepeat.png]
[static.itch.io/images/snowrepeat.svg]
[playthedarkness.blogspot.com/2024/05/$&/index.html]
[static.itch.io/icons/fonts/icomoon053c.svg]
[playthedarkness.blogspot.com/static/worker.min.html]
[connect.facebook.net/en_GB/sdk.js]
[playthedarkness.blogspot.com/2024/05/ca.html]
[playthedarkness.blogspot.com/2024/05/POST.html]
[playthedarkness.blogspot.com/2024/05/$&/index.html]
[static.itch.io/home/leafo/snowrepeat.html]
